G1_u1 G2_v1 G3_w1
G1_u2
G1_u3 G2_v2
G1_u4 G2_v3 G3_w2
